Archive member included to satisfy reference by file (symbol)

C:/Downloads/STM32CubeIDE/STM32CubeIDE_1.14.0/STM32CubeIDE/plugins/com.st.stm32cube.ide.mcu.externaltools.gnu-tools-for-stm32.12.3.rel1.win32_1.0.200.202406191623/tools/bin/../lib/gcc/arm-none-eabi/12.3.1/../../../../arm-none-eabi/lib/thumb/v7e-m+fp/hard\libc_nano.a(libc_a-exit.o)
                              C:/Downloads/STM32CubeIDE/STM32CubeIDE_1.14.0/STM32CubeIDE/plugins/com.st.stm32cube.ide.mcu.externaltools.gnu-tools-for-stm32.12.3.rel1.win32_1.0.200.202406191623/tools/bin/../lib/gcc/arm-none-eabi/12.3.1/../../../../arm-none-eabi/lib/thumb/v7e-m+fp/hard/crt0.o (exit)
C:/Downloads/STM32CubeIDE/STM32CubeIDE_1.14.0/STM32CubeIDE/plugins/com.st.stm32cube.ide.mcu.externaltools.gnu-tools-for-stm32.12.3.rel1.win32_1.0.200.202406191623/tools/bin/../lib/gcc/arm-none-eabi/12.3.1/../../../../arm-none-eabi/lib/thumb/v7e-m+fp/hard\libc_nano.a(libc_a-findfp.o)
                              C:/Downloads/STM32CubeIDE/STM32CubeIDE_1.14.0/STM32CubeIDE/plugins/com.st.stm32cube.ide.mcu.externaltools.gnu-tools-for-stm32.12.3.rel1.win32_1.0.200.202406191623/tools/bin/../lib/gcc/arm-none-eabi/12.3.1/../../../../arm-none-eabi/lib/thumb/v7e-m+fp/hard\libc_nano.a(libc_a-exit.o) (__stdio_exit_handler)
C:/Downloads/STM32CubeIDE/STM32CubeIDE_1.14.0/STM32CubeIDE/plugins/com.st.stm32cube.ide.mcu.externaltools.gnu-tools-for-stm32.12.3.rel1.win32_1.0.200.202406191623/tools/bin/../lib/gcc/arm-none-eabi/12.3.1/../../../../arm-none-eabi/lib/thumb/v7e-m+fp/hard\libc_nano.a(libc_a-fwalk.o)
                              C:/Downloads/STM32CubeIDE/STM32CubeIDE_1.14.0/STM32CubeIDE/plugins/com.st.stm32cube.ide.mcu.externaltools.gnu-tools-for-stm32.12.3.rel1.win32_1.0.200.202406191623/tools/bin/../lib/gcc/arm-none-eabi/12.3.1/../../../../arm-none-eabi/lib/thumb/v7e-m+fp/hard\libc_nano.a(libc_a-findfp.o) (_fwalk_sglue)
C:/Downloads/STM32CubeIDE/STM32CubeIDE_1.14.0/STM32CubeIDE/plugins/com.st.stm32cube.ide.mcu.externaltools.gnu-tools-for-stm32.12.3.rel1.win32_1.0.200.202406191623/tools/bin/../lib/gcc/arm-none-eabi/12.3.1/../../../../arm-none-eabi/lib/thumb/v7e-m+fp/hard\libc_nano.a(libc_a-stdio.o)
                              C:/Downloads/STM32CubeIDE/STM32CubeIDE_1.14.0/STM32CubeIDE/plugins/com.st.stm32cube.ide.mcu.externaltools.gnu-tools-for-stm32.12.3.rel1.win32_1.0.200.202406191623/tools/bin/../lib/gcc/arm-none-eabi/12.3.1/../../../../arm-none-eabi/lib/thumb/v7e-m+fp/hard\libc_nano.a(libc_a-findfp.o) (__sread)
C:/Downloads/STM32CubeIDE/STM32CubeIDE_1.14.0/STM32CubeIDE/plugins/com.st.stm32cube.ide.mcu.externaltools.gnu-tools-for-stm32.12.3.rel1.win32_1.0.200.202406191623/tools/bin/../lib/gcc/arm-none-eabi/12.3.1/../../../../arm-none-eabi/lib/thumb/v7e-m+fp/hard\libc_nano.a(libc_a-memset.o)
                              C:/Downloads/STM32CubeIDE/STM32CubeIDE_1.14.0/STM32CubeIDE/plugins/com.st.stm32cube.ide.mcu.externaltools.gnu-tools-for-stm32.12.3.rel1.win32_1.0.200.202406191623/tools/bin/../lib/gcc/arm-none-eabi/12.3.1/../../../../arm-none-eabi/lib/thumb/v7e-m+fp/hard/crt0.o (memset)
C:/Downloads/STM32CubeIDE/STM32CubeIDE_1.14.0/STM32CubeIDE/plugins/com.st.stm32cube.ide.mcu.externaltools.gnu-tools-for-stm32.12.3.rel1.win32_1.0.200.202406191623/tools/bin/../lib/gcc/arm-none-eabi/12.3.1/../../../../arm-none-eabi/lib/thumb/v7e-m+fp/hard\libc_nano.a(libc_a-closer.o)
                              C:/Downloads/STM32CubeIDE/STM32CubeIDE_1.14.0/STM32CubeIDE/plugins/com.st.stm32cube.ide.mcu.externaltools.gnu-tools-for-stm32.12.3.rel1.win32_1.0.200.202406191623/tools/bin/../lib/gcc/arm-none-eabi/12.3.1/../../../../arm-none-eabi/lib/thumb/v7e-m+fp/hard\libc_nano.a(libc_a-stdio.o) (_close_r)
C:/Downloads/STM32CubeIDE/STM32CubeIDE_1.14.0/STM32CubeIDE/plugins/com.st.stm32cube.ide.mcu.externaltools.gnu-tools-for-stm32.12.3.rel1.win32_1.0.200.202406191623/tools/bin/../lib/gcc/arm-none-eabi/12.3.1/../../../../arm-none-eabi/lib/thumb/v7e-m+fp/hard\libc_nano.a(libc_a-reent.o)
                              C:/Downloads/STM32CubeIDE/STM32CubeIDE_1.14.0/STM32CubeIDE/plugins/com.st.stm32cube.ide.mcu.externaltools.gnu-tools-for-stm32.12.3.rel1.win32_1.0.200.202406191623/tools/bin/../lib/gcc/arm-none-eabi/12.3.1/../../../../arm-none-eabi/lib/thumb/v7e-m+fp/hard\libc_nano.a(libc_a-closer.o) (errno)
C:/Downloads/STM32CubeIDE/STM32CubeIDE_1.14.0/STM32CubeIDE/plugins/com.st.stm32cube.ide.mcu.externaltools.gnu-tools-for-stm32.12.3.rel1.win32_1.0.200.202406191623/tools/bin/../lib/gcc/arm-none-eabi/12.3.1/../../../../arm-none-eabi/lib/thumb/v7e-m+fp/hard\libc_nano.a(libc_a-impure.o)
                              C:/Downloads/STM32CubeIDE/STM32CubeIDE_1.14.0/STM32CubeIDE/plugins/com.st.stm32cube.ide.mcu.externaltools.gnu-tools-for-stm32.12.3.rel1.win32_1.0.200.202406191623/tools/bin/../lib/gcc/arm-none-eabi/12.3.1/../../../../arm-none-eabi/lib/thumb/v7e-m+fp/hard\libc_nano.a(libc_a-reent.o) (_impure_ptr)
[...]
Memory Configuration

Name             Origin             Length             Attributes
RAM              0x20000000         0x00028000         xrw
SRAM2            0x10000000         0x00008000         xrw
FLASH            0x08000000         0x00080000         xr
*default*        0x00000000         0xffffffff

Linker script and memory map

LOAD C:/Downloads/STM32CubeIDE/STM32CubeIDE_1.14.0/STM32CubeIDE/plugins/com.st.stm32cube.ide.mcu.externaltools.gnu-tools-for-stm32.12.3.rel1.win32_1.0.200.202406191623/tools/bin/../lib/gcc/arm-none-eabi/12.3.1/thumb/v7e-m+fp/hard/crti.o
LOAD C:/Downloads/STM32CubeIDE/STM32CubeIDE_1.14.0/STM32CubeIDE/plugins/com.st.stm32cube.ide.mcu.externaltools.gnu-tools-for-stm32.12.3.rel1.win32_1.0.200.202406191623/tools/bin/../lib/gcc/arm-none-eabi/12.3.1/thumb/v7e-m+fp/hard/crtbegin.o
LOAD C:/Downloads/STM32CubeIDE/STM32CubeIDE_1.14.0/STM32CubeIDE/plugins/com.st.stm32cube.ide.mcu.externaltools.gnu-tools-for-stm32.12.3.rel1.win32_1.0.200.202406191623/tools/bin/../lib/gcc/arm-none-eabi/12.3.1/../../../../arm-none-eabi/lib/thumb/v7e-m+fp/hard/crt0.o
LOAD ./Src/adc.o
LOAD ./Src/main.o
LOAD ./Src/syscalls.o
LOAD ./Src/sysmem.o
LOAD ./Src/systick.o
LOAD ./Src/tim.o
LOAD ./Src/uart.o
LOAD ./Startup/startup_stm32l452retxp.o
START GROUP
LOAD C:/Downloads/STM32CubeIDE/STM32CubeIDE_1.14.0/STM32CubeIDE/plugins/com.st.stm32cube.ide.mcu.externaltools.gnu-tools-for-stm32.12.3.rel1.win32_1.0.200.202406191623/tools/bin/../lib/gcc/arm-none-eabi/12.3.1/../../../../arm-none-eabi/lib/thumb/v7e-m+fp/hard\libc_nano.a
LOAD C:/Downloads/STM32CubeIDE/STM32CubeIDE_1.14.0/STM32CubeIDE/plugins/com.st.stm32cube.ide.mcu.externaltools.gnu-tools-for-stm32.12.3.rel1.win32_1.0.200.202406191623/tools/bin/../lib/gcc/arm-none-eabi/12.3.1/../../../../arm-none-eabi/lib/thumb/v7e-m+fp/hard\libm.a
END GROUP
START GROUP
LOAD C:/Downloads/STM32CubeIDE/STM32CubeIDE_1.14.0/STM32CubeIDE/plugins/com.st.stm32cube.ide.mcu.externaltools.gnu-tools-for-stm32.12.3.rel1.win32_1.0.200.202406191623/tools/bin/../lib/gcc/arm-none-eabi/12.3.1/thumb/v7e-m+fp/hard\libgcc.a
LOAD C:/Downloads/STM32CubeIDE/STM32CubeIDE_1.14.0/STM32CubeIDE/plugins/com.st.stm32cube.ide.mcu.externaltools.gnu-tools-for-stm32.12.3.rel1.win32_1.0.200.202406191623/tools/bin/../lib/gcc/arm-none-eabi/12.3.1/../../../../arm-none-eabi/lib/thumb/v7e-m+fp/hard\libc_nano.a
END GROUP
START GROUP
LOAD C:/Downloads/STM32CubeIDE/STM32CubeIDE_1.14.0/STM32CubeIDE/plugins/com.st.stm32cube.ide.mcu.externaltools.gnu-tools-for-stm32.12.3.rel1.win32_1.0.200.202406191623/tools/bin/../lib/gcc/arm-none-eabi/12.3.1/thumb/v7e-m+fp/hard\libgcc.a
LOAD C:/Downloads/STM32CubeIDE/STM32CubeIDE_1.14.0/STM32CubeIDE/plugins/com.st.stm32cube.ide.mcu.externaltools.gnu-tools-for-stm32.12.3.rel1.win32_1.0.200.202406191623/tools/bin/../lib/gcc/arm-none-eabi/12.3.1/../../../../arm-none-eabi/lib/thumb/v7e-m+fp/hard\libc_nano.a
LOAD C:/Downloads/STM32CubeIDE/STM32CubeIDE_1.14.0/STM32CubeIDE/plugins/com.st.stm32cube.ide.mcu.externaltools.gnu-tools-for-stm32.12.3.rel1.win32_1.0.200.202406191623/tools/bin/../lib/gcc/arm-none-eabi/12.3.1/../../../../arm-none-eabi/lib/thumb/v7e-m+fp/hard\libnosys.a
END GROUP
START GROUP
LOAD C:/Downloads/STM32CubeIDE/STM32CubeIDE_1.14.0/STM32CubeIDE/plugins/com.st.stm32cube.ide.mcu.externaltools.gnu-tools-for-stm32.12.3.rel1.win32_1.0.200.202406191623/tools/bin/../lib/gcc/arm-none-eabi/12.3.1/thumb/v7e-m+fp/hard\libgcc.a
LOAD C:/Downloads/STM32CubeIDE/STM32CubeIDE_1.14.0/STM32CubeIDE/plugins/com.st.stm32cube.ide.mcu.externaltools.gnu-tools-for-stm32.12.3.rel1.win32_1.0.200.202406191623/tools/bin/../lib/gcc/arm-none-eabi/12.3.1/../../../../arm-none-eabi/lib/thumb/v7e-m+fp/hard\libc_nano.a
LOAD C:/Downloads/STM32CubeIDE/STM32CubeIDE_1.14.0/STM32CubeIDE/plugins/com.st.stm32cube.ide.mcu.externaltools.gnu-tools-for-stm32.12.3.rel1.win32_1.0.200.202406191623/tools/bin/../lib/gcc/arm-none-eabi/12.3.1/../../../../arm-none-eabi/lib/thumb/v7e-m+fp/hard\libnosys.a
END GROUP
LOAD C:/Downloads/STM32CubeIDE/STM32CubeIDE_1.14.0/STM32CubeIDE/plugins/com.st.stm32cube.ide.mcu.externaltools.gnu-tools-for-stm32.12.3.rel1.win32_1.0.200.202406191623/tools/bin/../lib/gcc/arm-none-eabi/12.3.1/thumb/v7e-m+fp/hard/crtend.o
LOAD C:/Downloads/STM32CubeIDE/STM32CubeIDE_1.14.0/STM32CubeIDE/plugins/com.st.stm32cube.ide.mcu.externaltools.gnu-tools-for-stm32.12.3.rel1.win32_1.0.200.202406191623/tools/bin/../lib/gcc/arm-none-eabi/12.3.1/thumb/v7e-m+fp/hard/crtn.o
                0x20028000                        _estack = (ORIGIN (RAM) + LENGTH (RAM))
                0x00000200                        _Min_Heap_Size = 0x200
                0x00000400                        _Min_Stack_Size = 0x400

.isr_vector     0x08000000      0x194
                0x08000000                        . = ALIGN (0x4)
 *(.isr_vector)
 .isr_vector    0x08000000      0x194 ./Startup/startup_stm32l452retxp.o
                0x08000000                g_pfnVectors
                0x08000194                        . = ALIGN (0x4)

.text           0x08000194      0x1a0
                0x08000194                        . = ALIGN (0x4)
 *(.text)
 .text          0x08000194       0x40 C:/Downloads/STM32CubeIDE/STM32CubeIDE_1.14.0/STM32CubeIDE/plugins/com.st.stm32cube.ide.mcu.externaltools.gnu-tools-for-stm32.12.3.rel1.win32_1.0.200.202406191623/tools/bin/../lib/gcc/arm-none-eabi/12.3.1/thumb/v7e-m+fp/hard/crtbegin.o
 *(.text*)
 .text.main     0x080001d4       0x44 ./Src/main.o
                0x080001d4                main
 .text.tim1_output_compare
                0x08000218       0x68 ./Src/tim.o
                0x08000218                tim1_output_compare
 .text.Reset_Handler
                0x08000280       0x50 ./Startup/startup_stm32l452retxp.o
                0x08000280                Reset_Handler
 .text.Default_Handler
                0x080002d0        0x2 ./Startup/startup_stm32l452retxp.o
                0x080002d0                EXTI2_IRQHandler
                0x080002d0                DebugMon_Handler
                0x080002d0                DMA1_CH4_IRQHandler
                0x080002d0                TIM1_CC_IRQHandler
                0x080002d0                TSC_IRQHandler
                0x080002d0                HardFault_Handler
                0x080002d0                SysTick_Handler
                0x080002d0                PendSV_Handler
                0x080002d0                NMI_Handler
                0x080002d0                EXTI3_IRQHandler
                0x080002d0                LPTIM2_IRQHandler
                0x080002d0                DFSDM1_FLT1_IRQHandler
                0x080002d0                USB_FS_IRQHandler
                0x080002d0                I2C3_ER_IRQHandler
                0x080002d0                DFSDM1_FLT2_IRQHandler
                0x080002d0                TIM6_DACUNDER_IRQHandler
                0x080002d0                EXTI0_IRQHandler
                0x080002d0                I2C2_EV_IRQHandler
                0x080002d0                DMA2_CH1_IRQHandler
                0x080002d0                CAN1_RX0_IRQHandler
                0x080002d0                TIM1_UP_TIM16_IRQHandler
                0x080002d0                DMA2_CH7_IRQHandler
                0x080002d0                UsageFault_Handler
                0x080002d0                SPI1_IRQHandler
                0x080002d0                DMA1_CH7_IRQHandler
                0x080002d0                RTC_ALARM_IRQHandler
                0x080002d0                ADC1_IRQHandler
                0x080002d0                DFSDM1_FLT3_IRQHandler
                0x080002d0                DMA1_CH6_IRQHandler
                0x080002d0                USART3_IRQHandler
                0x080002d0                CAN1_RX1_IRQHandler
                0x080002d0                LCD_IRQHandler
                0x080002d0                ADC3_IRQHandler
                0x080002d0                QUADSPI_IRQHandler
                0x080002d0                I2C1_EV_IRQHandler
                0x080002d0                DMA2_CH5_IRQHandler
                0x080002d0                UART4_IRQHandler
                0x080002d0                DMA1_CH3_IRQHandler
                0x080002d0                TIM3_IRQHandler
                0x080002d0                RCC_IRQHandler
                0x080002d0                TIM1_TRG_COM_IRQHandler
                0x080002d0                Default_Handler
                0x080002d0                EXTI15_10_IRQHandler
                0x080002d0                TIM7_IRQHandler
                0x080002d0                SDMMC1_IRQHandler
                0x080002d0                I2C3_EV_IRQHandler
                0x080002d0                EXTI9_5_IRQHandler
                0x080002d0                DMA1_CH2_IRQHandler
                0x080002d0                RTC_WKUP_IRQHandler
                0x080002d0                PVD_PVM_IRQHandler
                0x080002d0                SPI2_IRQHandler
                0x080002d0                DMA1_CH1_IRQHandler
                0x080002d0                MemManage_Handler
                0x080002d0                CAN1_TX_IRQHandler
                0x080002d0                SVC_Handler
                0x080002d0                CRS_IRQHandler
                0x080002d0                EXTI4_IRQHandler
                0x080002d0                RNG_IRQHandler
                0x080002d0                COMP_IRQHandler
                0x080002d0                WWDG_IRQHandler
                0x080002d0                I2C4_EV_IRQHandler
                0x080002d0                LPUART1_IRQHandler
                0x080002d0                TIM2_IRQHandler
                0x080002d0                EXTI1_IRQHandler
                0x080002d0                AES_IRQHandler
                0x080002d0                USART2_IRQHandler
                0x080002d0                DFSDM1_FLT0_IRQHandler
                0x080002d0                I2C2_ER_IRQHandler
                0x080002d0                CAN1_SCE_IRQHandler
                0x080002d0                FLASH_IRQHandler
                0x080002d0                BusFault_Handler
                0x080002d0                USART1_IRQHandler
                0x080002d0                SPI3_IRQHandler
                0x080002d0                DMA2_CH6_IRQHandler
                0x080002d0                DMA2_CH3_IRQHandler
                0x080002d0                DMA2_CH2_IRQHandler
                0x080002d0                I2C1_ER_IRQHandler
                0x080002d0                DMA1_CH5_IRQHandler
                0x080002d0                DMA2_CH4_IRQHandler
                0x080002d0                SWPMI1_IRQHandler
                0x080002d0                LPTIM1_IRQHandler
                0x080002d0                I2C4_ER_IRQHandler
                0x080002d0                RTC_TAMP_STAMP_IRQHandler
                0x080002d0                SAI1_IRQHandler
                0x080002d0                TIM1_BRK_TIM15_IRQHandler
 *fill*         0x080002d2        0x2 
 .text.__libc_init_array
                0x080002d4       0x48 C:/Downloads/STM32CubeIDE/STM32CubeIDE_1.14.0/STM32CubeIDE/plugins/com.st.stm32cube.ide.mcu.externaltools.gnu-tools-for-stm32.12.3.rel1.win32_1.0.200.202406191623/tools/bin/../lib/gcc/arm-none-eabi/12.3.1/../../../../arm-none-eabi/lib/thumb/v7e-m+fp/hard\libc_nano.a(libc_a-init.o)
                0x080002d4                __libc_init_array
 *(.glue_7)
 .glue_7        0x0800031c        0x0 linker stubs
 *(.glue_7t)
 .glue_7t       0x0800031c        0x0 linker stubs
 *(.eh_frame)
 .eh_frame      0x0800031c        0x0 C:/Downloads/STM32CubeIDE/STM32CubeIDE_1.14.0/STM32CubeIDE/plugins/com.st.stm32cube.ide.mcu.externaltools.gnu-tools-for-stm32.12.3.rel1.win32_1.0.200.202406191623/tools/bin/../lib/gcc/arm-none-eabi/12.3.1/thumb/v7e-m+fp/hard/crtbegin.o
 *(.init)
 .init          0x0800031c        0x4 C:/Downloads/STM32CubeIDE/STM32CubeIDE_1.14.0/STM32CubeIDE/plugins/com.st.stm32cube.ide.mcu.externaltools.gnu-tools-for-stm32.12.3.rel1.win32_1.0.200.202406191623/tools/bin/../lib/gcc/arm-none-eabi/12.3.1/thumb/v7e-m+fp/hard/crti.o
                0x0800031c                _init
 .init          0x08000320        0x8 C:/Downloads/STM32CubeIDE/STM32CubeIDE_1.14.0/STM32CubeIDE/plugins/com.st.stm32cube.ide.mcu.externaltools.gnu-tools-for-stm32.12.3.rel1.win32_1.0.200.202406191623/tools/bin/../lib/gcc/arm-none-eabi/12.3.1/thumb/v7e-m+fp/hard/crtn.o
 *(.fini)
 .fini          0x08000328        0x4 C:/Downloads/STM32CubeIDE/STM32CubeIDE_1.14.0/STM32CubeIDE/plugins/com.st.stm32cube.ide.mcu.externaltools.gnu-tools-for-stm32.12.3.rel1.win32_1.0.200.202406191623/tools/bin/../lib/gcc/arm-none-eabi/12.3.1/thumb/v7e-m+fp/hard/crti.o
                0x08000328                _fini
 .fini          0x0800032c        0x8 C:/Downloads/STM32CubeIDE/STM32CubeIDE_1.14.0/STM32CubeIDE/plugins/com.st.stm32cube.ide.mcu.externaltools.gnu-tools-for-stm32.12.3.rel1.win32_1.0.200.202406191623/tools/bin/../lib/gcc/arm-none-eabi/12.3.1/thumb/v7e-m+fp/hard/crtn.o
                0x08000334                        . = ALIGN (0x4)
                0x08000334                        _etext = .

.vfp11_veneer   0x08000334        0x0
 .vfp11_veneer  0x08000334        0x0 linker stubs

.v4_bx          0x08000334        0x0
 .v4_bx         0x08000334        0x0 linker stubs

.iplt           0x08000334        0x0
 .iplt          0x08000334        0x0 C:/Downloads/STM32CubeIDE/STM32CubeIDE_1.14.0/STM32CubeIDE/plugins/com.st.stm32cube.ide.mcu.externaltools.gnu-tools-for-stm32.12.3.rel1.win32_1.0.200.202406191623/tools/bin/../lib/gcc/arm-none-eabi/12.3.1/thumb/v7e-m+fp/hard/crtbegin.o

.rodata         0x08000334        0x0
                0x08000334                        . = ALIGN (0x4)
 *(.rodata)
 *(.rodata*)
                0x08000334                        . = ALIGN (0x4)

.ARM.extab      0x08000334        0x0
                0x08000334                        . = ALIGN (0x4)
 *(.ARM.extab* .gnu.linkonce.armextab.*)
                0x08000334                        . = ALIGN (0x4)

.ARM            0x08000334        0x0
                0x08000334                        . = ALIGN (0x4)
                0x08000334                        __exidx_start = .
 *(.ARM.exidx*)
                0x08000334                        __exidx_end = .
                0x08000334                        . = ALIGN (0x4)

.preinit_array  0x08000334        0x0
                0x08000334                        . = ALIGN (0x4)
                0x08000334                        PROVIDE (__preinit_array_start = .)
 *(.preinit_array*)
                0x08000334                        PROVIDE (__preinit_array_end = .)
                0x08000334                        . = ALIGN (0x4)

.init_array     0x08000334        0x4
                0x08000334                        . = ALIGN (0x4)
                0x08000334                        PROVIDE (__init_array_start = .)
 *(SORT_BY_NAME(.init_array.*))
 *(.init_array*)
 .init_array    0x08000334        0x4 C:/Downloads/STM32CubeIDE/STM32CubeIDE_1.14.0/STM32CubeIDE/plugins/com.st.stm32cube.ide.mcu.externaltools.gnu-tools-for-stm32.12.3.rel1.win32_1.0.200.202406191623/tools/bin/../lib/gcc/arm-none-eabi/12.3.1/thumb/v7e-m+fp/hard/crtbegin.o
                0x08000338                        PROVIDE (__init_array_end = .)
                0x08000338                        . = ALIGN (0x4)

.fini_array     0x08000338        0x4
                0x08000338                        . = ALIGN (0x4)
                [!provide]                        PROVIDE (__fini_array_start = .)
 *(SORT_BY_NAME(.fini_array.*))
 *(.fini_array*)
 .fini_array    0x08000338        0x4 C:/Downloads/STM32CubeIDE/STM32CubeIDE_1.14.0/STM32CubeIDE/plugins/com.st.stm32cube.ide.mcu.externaltools.gnu-tools-for-stm32.12.3.rel1.win32_1.0.200.202406191623/tools/bin/../lib/gcc/arm-none-eabi/12.3.1/thumb/v7e-m+fp/hard/crtbegin.o
                [!provide]                        PROVIDE (__fini_array_end = .)
                0x0800033c                        . = ALIGN (0x4)
                0x0800033c                        _sidata = LOADADDR (.data)

.rel.dyn        0x0800033c        0x0
 .rel.iplt      0x0800033c        0x0 C:/Downloads/STM32CubeIDE/STM32CubeIDE_1.14.0/STM32CubeIDE/plugins/com.st.stm32cube.ide.mcu.externaltools.gnu-tools-for-stm32.12.3.rel1.win32_1.0.200.202406191623/tools/bin/../lib/gcc/arm-none-eabi/12.3.1/thumb/v7e-m+fp/hard/crtbegin.o

.data           0x20000000        0x0 load address 0x0800033c
                0x20000000                        . = ALIGN (0x4)
                0x20000000                        _sdata = .
 *(.data)
 *(.data*)
 *(.RamFunc)
 *(.RamFunc*)
                0x20000000                        . = ALIGN (0x4)
                0x20000000                        _edata = .
                0x0800033c                        _sisram2 = LOADADDR (.sram2)

.igot.plt       0x20000000        0x0 load address 0x0800033c
 .igot.plt      0x20000000        0x0 C:/Downloads/STM32CubeIDE/STM32CubeIDE_1.14.0/STM32CubeIDE/plugins/com.st.stm32cube.ide.mcu.externaltools.gnu-tools-for-stm32.12.3.rel1.win32_1.0.200.202406191623/tools/bin/../lib/gcc/arm-none-eabi/12.3.1/thumb/v7e-m+fp/hard/crtbegin.o

.sram2          0x10000000        0x0 load address 0x0800033c
                0x10000000                        . = ALIGN (0x4)
                0x10000000                        _ssram2 = .
 *(.sram2)
 *(.sram2*)
                0x10000000                        . = ALIGN (0x4)
                0x10000000                        _esram2 = .
                0x10000000                        . = ALIGN (0x4)

.bss            0x20000000       0x1c
                0x20000000                        _sbss = .
                0x20000000                        __bss_start__ = _sbss
 *(.bss)
 .bss           0x20000000       0x1c C:/Downloads/STM32CubeIDE/STM32CubeIDE_1.14.0/STM32CubeIDE/plugins/com.st.stm32cube.ide.mcu.externaltools.gnu-tools-for-stm32.12.3.rel1.win32_1.0.200.202406191623/tools/bin/../lib/gcc/arm-none-eabi/12.3.1/thumb/v7e-m+fp/hard/crtbegin.o
 *(.bss*)
 *(COMMON)
                0x2000001c                        . = ALIGN (0x4)
                0x2000001c                        _ebss = .
                0x2000001c                        __bss_end__ = _ebss

._user_heap_stack
                0x2000001c      0x604
                0x20000020                        . = ALIGN (0x8)
 *fill*         0x2000001c        0x4 
                [!provide]                        PROVIDE (end = .)
                0x20000020                        PROVIDE (_end = .)
                0x20000220                        . = (. + _Min_Heap_Size)
 *fill*         0x20000020      0x200 
                0x20000620                        . = (. + _Min_Stack_Size)
 *fill*         0x20000220      0x400 
                0x20000620                        . = ALIGN (0x8)

/DISCARD/
 libc.a(*)
 libm.a(*)
 libgcc.a(*)

.ARM.attributes
                0x00000000       0x30
 *(.ARM.attributes)
 .ARM.attributes
                0x00000000       0x22 C:/Downloads/STM32CubeIDE/STM32CubeIDE_1.14.0/STM32CubeIDE/plugins/com.st.stm32cube.ide.mcu.externaltools.gnu-tools-for-stm32.12.3.rel1.win32_1.0.200.202406191623/tools/bin/../lib/gcc/arm-none-eabi/12.3.1/thumb/v7e-m+fp/hard/crti.o
 .ARM.attributes
                0x00000022       0x34 C:/Downloads/STM32CubeIDE/STM32CubeIDE_1.14.0/STM32CubeIDE/plugins/com.st.stm32cube.ide.mcu.externaltools.gnu-tools-for-stm32.12.3.rel1.win32_1.0.200.202406191623/tools/bin/../lib/gcc/arm-none-eabi/12.3.1/thumb/v7e-m+fp/hard/crtbegin.o
 .ARM.attributes
                0x00000056       0x34 ./Src/main.o
 .ARM.attributes
                0x0000008a       0x34 ./Src/tim.o
 .ARM.attributes
                0x000000be       0x21 ./Startup/startup_stm32l452retxp.o
 .ARM.attributes
                0x000000df       0x34 C:/Downloads/STM32CubeIDE/STM32CubeIDE_1.14.0/STM32CubeIDE/plugins/com.st.stm32cube.ide.mcu.externaltools.gnu-tools-for-stm32.12.3.rel1.win32_1.0.200.202406191623/tools/bin/../lib/gcc/arm-none-eabi/12.3.1/../../../../arm-none-eabi/lib/thumb/v7e-m+fp/hard\libc_nano.a(libc_a-init.o)
 .ARM.attributes
                0x00000113       0x22 C:/Downloads/STM32CubeIDE/STM32CubeIDE_1.14.0/STM32CubeIDE/plugins/com.st.stm32cube.ide.mcu.externaltools.gnu-tools-for-stm32.12.3.rel1.win32_1.0.200.202406191623/tools/bin/../lib/gcc/arm-none-eabi/12.3.1/thumb/v7e-m+fp/hard/crtn.o
OUTPUT(stm32l452rep_drivers.elf elf32-littlearm)
LOAD linker stubs
LOAD C:/Downloads/STM32CubeIDE/STM32CubeIDE_1.14.0/STM32CubeIDE/plugins/com.st.stm32cube.ide.mcu.externaltools.gnu-tools-for-stm32.12.3.rel1.win32_1.0.200.202406191623/tools/bin/../lib/gcc/arm-none-eabi/12.3.1/../../../../arm-none-eabi/lib/thumb/v7e-m+fp/hard\libc.a
LOAD C:/Downloads/STM32CubeIDE/STM32CubeIDE_1.14.0/STM32CubeIDE/plugins/com.st.stm32cube.ide.mcu.externaltools.gnu-tools-for-stm32.12.3.rel1.win32_1.0.200.202406191623/tools/bin/../lib/gcc/arm-none-eabi/12.3.1/../../../../arm-none-eabi/lib/thumb/v7e-m+fp/hard\libm.a
LOAD C:/Downloads/STM32CubeIDE/STM32CubeIDE_1.14.0/STM32CubeIDE/plugins/com.st.stm32cube.ide.mcu.externaltools.gnu-tools-for-stm32.12.3.rel1.win32_1.0.200.202406191623/tools/bin/../lib/gcc/arm-none-eabi/12.3.1/thumb/v7e-m+fp/hard\libgcc.a

.debug_info     0x00000000      0x77a
 .debug_info    0x00000000      0x34e ./Src/main.o
 .debug_info    0x0000034e      0x3fc ./Src/tim.o
 .debug_info    0x0000074a       0x30 ./Startup/startup_stm32l452retxp.o

.debug_abbrev   0x00000000      0x193
 .debug_abbrev  0x00000000       0xca ./Src/main.o
 .debug_abbrev  0x000000ca       0xa5 ./Src/tim.o
 .debug_abbrev  0x0000016f       0x24 ./Startup/startup_stm32l452retxp.o

.debug_aranges  0x00000000       0x78
 .debug_aranges
                0x00000000       0x20 ./Src/main.o
 .debug_aranges
                0x00000020       0x30 ./Src/tim.o
 .debug_aranges
                0x00000050       0x28 ./Startup/startup_stm32l452retxp.o

.debug_rnglists
                0x00000000       0x4b
 .debug_rnglists
                0x00000000       0x13 ./Src/main.o
 .debug_rnglists
                0x00000013       0x1f ./Src/tim.o
 .debug_rnglists
                0x00000032       0x19 ./Startup/startup_stm32l452retxp.o

.debug_macro    0x00000000      0xe05
 .debug_macro   0x00000000      0x1e4 ./Src/main.o
 .debug_macro   0x000001e4       0x2e ./Src/main.o
 .debug_macro   0x00000212       0x22 ./Src/main.o
 .debug_macro   0x00000234       0x61 ./Src/main.o
 .debug_macro   0x00000295       0x2a ./Src/main.o
 .debug_macro   0x000002bf       0x43 ./Src/main.o
 .debug_macro   0x00000302       0x34 ./Src/main.o
 .debug_macro   0x00000336       0x16 ./Src/main.o
 .debug_macro   0x0000034c       0x9e ./Src/main.o
 .debug_macro   0x000003ea      0x369 ./Src/main.o
 .debug_macro   0x00000753      0x10b ./Src/main.o
 .debug_macro   0x0000085e       0x10 ./Src/main.o
 .debug_macro   0x0000086e       0x16 ./Src/main.o
 .debug_macro   0x00000884       0x43 ./Src/main.o
 .debug_macro   0x000008c7       0x34 ./Src/main.o
 .debug_macro   0x000008fb       0x10 ./Src/main.o
 .debug_macro   0x0000090b       0x58 ./Src/main.o
 .debug_macro   0x00000963       0x8e ./Src/main.o
 .debug_macro   0x000009f1       0x1c ./Src/main.o
 .debug_macro   0x00000a0d      0x177 ./Src/main.o
 .debug_macro   0x00000b84       0x16 ./Src/main.o
 .debug_macro   0x00000b9a       0x16 ./Src/main.o
 .debug_macro   0x00000bb0      0x146 ./Src/main.o
 .debug_macro   0x00000cf6       0x16 ./Src/main.o
 .debug_macro   0x00000d0c       0xe9 ./Src/tim.o
 .debug_macro   0x00000df5       0x10 ./Src/tim.o

.debug_line     0x00000000      0xecd
 .debug_line    0x00000000      0x7a8 ./Src/main.o
 .debug_line    0x000007a8      0x6aa ./Src/tim.o
 .debug_line    0x00000e52       0x7b ./Startup/startup_stm32l452retxp.o

.debug_str      0x00000000    0x8ab69
 .debug_str     0x00000000    0x8aa86 ./Src/main.o
                              0x8aca0 (size before relaxing)
 .debug_str     0x0008aa86       0xa3 ./Src/tim.o
                              0x87174 (size before relaxing)
 .debug_str     0x0008ab29       0x40 ./Startup/startup_stm32l452retxp.o
                                 0x93 (size before relaxing)

.comment        0x00000000       0x43
 .comment       0x00000000       0x43 ./Src/main.o
                                 0x44 (size before relaxing)
 .comment       0x00000043       0x44 ./Src/tim.o

.debug_frame    0x00000000       0xc8
 .debug_frame   0x00000000       0x2c ./Src/main.o
 .debug_frame   0x0000002c       0x70 ./Src/tim.o
 .debug_frame   0x0000009c       0x2c C:/Downloads/STM32CubeIDE/STM32CubeIDE_1.14.0/STM32CubeIDE/plugins/com.st.stm32cube.ide.mcu.externaltools.gnu-tools-for-stm32.12.3.rel1.win32_1.0.200.202406191623/tools/bin/../lib/gcc/arm-none-eabi/12.3.1/../../../../arm-none-eabi/lib/thumb/v7e-m+fp/hard\libc_nano.a(libc_a-init.o)

.debug_line_str
                0x00000000       0x77
 .debug_line_str
                0x00000000       0x77 ./Startup/startup_stm32l452retxp.o
